
> demo7@8.2.6 dev
> vite --host 127.0.0.1 --port 5174

[32m✔[0m [33mConsole Ninja[0m extension is connected to [33mVite[0m, see [36mhttps://tinyurl.com/2vt8jxzw[0m

  [32m[1mVITE[22m v4.5.14[39m  [2mready in [0m[1m1833[22m[2m[0m ms[22m

  [32m➜[39m  [1mLocal[22m:   [36mhttp://127.0.0.1:[1m5174[22m/metronic8/react/demo7/[39m
[2m[32m  ➜[39m[22m[2m  press [22m[1mh[22m[2m to show help[22m
[2m2:02:32 PM[22m [36m[1m[vite][22m[39m [32mhmr update [39m[2m/src/app/routing/AppRoutes.tsx[22m
[2m2:02:32 PM[22m [36m[1m[vite][22m[39m [32mhmr update [39m[2m/src/app/routing/AppRoutes.tsx[22m
[2m2:02:32 PM[22m [36m[1m[vite][22m[39m [32mhmr update [39m[2m/src/app/routing/AppRoutes.tsx[22m
[2m2:02:32 PM[22m [36m[1m[vite][22m[39m [32mhmr update [39m[2m/src/app/routing/AppRoutes.tsx[22m
[2m2:02:32 PM[22m [36m[1m[vite][22m[39m [32mhmr update [39m[2m/src/app/routing/AppRoutes.tsx[22m
[2m2:02:32 PM[22m [36m[1m[vite][22m[39m [32mhmr update [39m[2m/src/app/routing/AppRoutes.tsx[22m
[2m2:18:27 PM[22m [36m[1m[vite][22m[39m [32mhmr update [39m[2m/src/app/pages/dashboard/Dashboard.tsx[22m
[2m2:18:53 PM[22m [36m[1m[vite][22m[39m [32mhmr update [39m[2m/src/app/pages/dashboard/Dashboard.tsx[22m
[2m2:19:06 PM[22m [36m[1m[vite][22m[39m [32mhmr update [39m[2m/src/app/pages/dashboard/Dashboard.tsx[22m
[2m2:19:28 PM[22m [36m[1m[vite][22m[39m [32mhmr update [39m[2m/src/app/pages/dashboard/Dashboard.tsx[22m
[2m2:44:35 PM[22m [36m[1m[vite][22m[39m [32mvite.config.ts changed, restarting server...[39m
[2m2:44:35 PM[22m [36m[1m[vite][22m[39m server restarted.
[2m2:44:52 PM[22m [36m[1m[vite][22m[39m [32mvite.config.ts changed, restarting server...[39m
[2m2:44:52 PM[22m [36m[1m[vite][22m[39m [32mpage reload [39m[2mindex.html[22m
[2m2:44:52 PM[22m [36m[1m[vite][22m[39m server restarted.
